2026-09-30T08:19:57Z INF Thank you for trying Cloudflare Tunnel. Doing so, without a Cloudflare account, is a quick way to experiment and try it out. However, be aware that these account-less Tunnels have no uptime guarantee, are subject to the Cloudflare Online Services Terms of Use (https://www.cloudflare.com/website-terms/), and Cloudflare reserves the right to investigate your use of Tunnels for violations of such terms. If you intend to use Tunnels in production you should use a pre-created named tunnel by following: https://developers.cloudflare.com/cloudflare-one/connections/connect-apps
2026-09-30T08:19:57Z INF Requesting new quick Tunnel on trycloudflare.com...
2026-09-30T08:20:01Z INF +--------------------------------------------------------------------------------------------+
2026-09-30T08:20:01Z INF |  Your quick Tunnel has been created! Visit it at (it may take some time to be reachable):  |
2026-09-30T08:20:01Z INF |  https://phases-adams-modern-talked.trycloudflare.com                                      |
2026-09-30T08:20:01Z INF +--------------------------------------------------------------------------------------------+
2026-09-30T08:20:01Z INF Cannot determine default configuration path. No file [config.yml config.yaml] in [~/.cloudflared ~/.cloudflare-warp ~/cloudflare-warp /etc/cloudflared /usr/local/etc/cloudflared]
2026-09-30T08:20:01Z INF Version 2026.9.3 (Checksum 77e26d8d900e0b8469f416239d14b5f296525fdf79fee6f511ef55609e3fbac2)
2026-09-30T08:20:01Z INF GOOS: linux, GOVersion: go1.26.8, GoArch: amd64
2026-09-30T08:20:01Z INF Settings: map[ha-connections:1 no-autoupdate:true protocol:quic url:http://127.0.0.1:8089]
2026-09-30T08:20:01Z INF Generated Connector ID: 8cdef949-bb30-41f7-8d9a-e095bedafe7e
2026-09-30T08:20:01Z INF Initial protocol quic
2026-09-30T08:20:01Z INF ICMP proxy will use 132.195.125.11 as source for IPv4
2026-09-30T08:20:01Z INF ICMP proxy will use 2001:638:50a:125:1:7d0b:0:1 in zone enp1s0 as source for IPv6
2026-09-30T08:20:01Z INF ICMP proxy will use 132.195.125.11 as source for IPv4
2026-09-30T08:20:01Z INF ICMP proxy will use 2001:638:50a:125:1:7d0b:0:1 in zone enp1s0 as source for IPv6
2026/09/30 10:20:01 failed to sufficiently increase receive buffer size (was: 208 kiB, wanted: 7168 kiB, got: 416 kiB). See https://github.com/quic-go/quic-go/wiki/UDP-Buffer-Sizes for details.
2026-09-30T08:20:01Z INF Starting metrics server on 127.0.0.1:20242/metrics
2026-09-30T08:20:01Z INF Tunnel connection curve preferences: [X25519MLKEM768 CurveID(65074) CurveP256] connIndex=0 event=0 ip=2606:4700:a0::1
2026-09-30T08:20:02Z INF Registered tunnel connection connIndex=0 connection=27bb3752-3b20-4846-ad8e-6ee9edcb45c4 event=0 ip=2606:4700:a0::1 location=dus02 protocol=quic
2026-09-30T08:20:02Z INF +-------------------------------------------------------------------------------------+
2026-09-30T08:20:02Z INF |                               CONNECTIVITY PRE-CHECKS                               |
2026-09-30T08:20:02Z INF +-------------------------------------------------------------------------------------+
2026-09-30T08:20:02Z INF |  COMPONENT         TARGET                     STATUS  DETAILS                       |
2026-09-30T08:20:02Z INF |  DNS Resolution    region1.v2.argotunnel.com  PASS    DNS Resolved successfully     |
2026-09-30T08:20:02Z INF |  DNS Resolution    region2.v2.argotunnel.com  PASS    DNS Resolved successfully     |
2026-09-30T08:20:02Z INF |  UDP Connectivity  region1.v2.argotunnel.com  PASS    QUIC connection successful    |
2026-09-30T08:20:02Z INF |  UDP Connectivity  region2.v2.argotunnel.com  PASS    QUIC connection successful    |
2026-09-30T08:20:02Z INF |  TCP Connectivity  region1.v2.argotunnel.com  PASS    HTTP/2 connection successful  |
2026-09-30T08:20:02Z INF |  TCP Connectivity  region2.v2.argotunnel.com  PASS    HTTP/2 connection successful  |
2026-09-30T08:20:02Z INF |  Cloudflare API    api.cloudflare.com:443     PASS    API is reachable              |
2026-09-30T08:20:02Z INF |                                                                                     |
2026-09-30T08:20:02Z INF |  SUMMARY: Environment is healthy. cloudflared will use 'quic' as primary protocol.  |
2026-09-30T08:20:02Z INF +-------------------------------------------------------------------------------------+
2026-09-30T08:20:02Z INF precheck component="DNS Resolution" details="DNS Resolved successfully" run_id=2b94457e-c3e3-4858-83aa-27a2fe825740 status=pass target=region1.v2.argotunnel.com
2026-09-30T08:20:02Z INF precheck component="DNS Resolution" details="DNS Resolved successfully" run_id=2b94457e-c3e3-4858-83aa-27a2fe825740 status=pass target=region2.v2.argotunnel.com
2026-09-30T08:20:02Z INF precheck component="UDP Connectivity" details="QUIC connection successful" run_id=2b94457e-c3e3-4858-83aa-27a2fe825740 status=pass target=region1.v2.argotunnel.com
2026-09-30T08:20:02Z INF precheck component="UDP Connectivity" details="QUIC connection successful" run_id=2b94457e-c3e3-4858-83aa-27a2fe825740 status=pass target=region2.v2.argotunnel.com
2026-09-30T08:20:02Z INF precheck component="TCP Connectivity" details="HTTP/2 connection successful" run_id=2b94457e-c3e3-4858-83aa-27a2fe825740 status=pass target=region1.v2.argotunnel.com
2026-09-30T08:20:02Z INF precheck component="TCP Connectivity" details="HTTP/2 connection successful" run_id=2b94457e-c3e3-4858-83aa-27a2fe825740 status=pass target=region2.v2.argotunnel.com
2026-09-30T08:20:02Z INF precheck component="Cloudflare API" details="API is reachable" run_id=2b94457e-c3e3-4858-83aa-27a2fe825740 status=pass target=api.cloudflare.com:443
2026-09-30T08:20:02Z INF precheck complete hard_fail=false run_id=2b94457e-c3e3-4858-83aa-27a2fe825740 suggested_protocol=quic
2026-09-30T08:49:27Z ERR  error="Unable to reach the origin service. The service may be down or it may not be responding to traffic from cloudflared: dial tcp 127.0.0.1:8089: connect: connection refused" connIndex=0 event=1 ingressRule=0 originService=http://127.0.0.1:8089
2026-09-30T08:49:27Z ERR Request failed error="Unable to reach the origin service. The service may be down or it may not be responding to traffic from cloudflared: dial tcp 127.0.0.1:8089: connect: connection refused" connIndex=0 dest=https://phases-adams-modern-talked.trycloudflare.com/api/jobs?user=vishaal event=0 ip=2606:4700:a0::1 type=http
2026-09-30T09:02:20Z ERR  error="Unable to reach the origin service. The service may be down or it may not be responding to traffic from cloudflared: EOF" connIndex=0 event=1 ingressRule=0 originService=http://127.0.0.1:8089
2026-09-30T09:02:20Z ERR Request failed error="Unable to reach the origin service. The service may be down or it may not be responding to traffic from cloudflared: EOF" connIndex=0 dest=https://phases-adams-modern-talked.trycloudflare.com/api/jobs?user=vishaal event=0 ip=2606:4700:a0::1 type=http
2026-09-30T09:02:27Z ERR  error="Unable to reach the origin service. The service may be down or it may not be responding to traffic from cloudflared: EOF" connIndex=0 event=1 ingressRule=0 originService=http://127.0.0.1:8089
2026-09-30T09:02:27Z ERR Request failed error="Unable to reach the origin service. The service may be down or it may not be responding to traffic from cloudflared: EOF" connIndex=0 dest=https://phases-adams-modern-talked.trycloudflare.com/api/jobs?user=vishaal event=0 ip=2606:4700:a0::1 type=http
